[trellis] generating model with seed 1006
[1/6] preprocess C:\Users\Lauri\Desktop\lowvram3d-scene-smoke-20260803\evidence\compare\titan\matte.png (1024 cascade)
[2/6] DINOv3 conditioning
ggml_cuda_init: found 1 CUDA devices (Total VRAM: 6143 MiB):
  Device 0: NVIDIA GeForce GTX 1660 SUPER, compute capability 7.5, VMM: yes, VRAM: 6143 MiB
      cond tokens=1029 / 1024-cond tokens=4101
      [stats] cond_512 (DINOv3@512) n=1053696 mean=-0.0000 std=1.0000 min=-29.338 max=24.878 nan/inf=0
      [stats] cond_1024 (DINOv3@1024) n=4199424 mean=-0.0000 std=1.0000 min=-29.332 max=24.924 nan/inf=0
[3/6] sparse-structure flow + decode
      [flow] [....................]  0/12    0.0s  starting    
      [flow] [#...................]  1/12    7.4s  ~81s left   
      [flow] [###.................]  2/12   14.8s  ~74s left   
      [flow] [#####...............]  3/12   22.1s  ~66s left   
      [flow] [######..............]  4/12   29.5s  ~59s left   
      [flow] [########............]  5/12   36.9s  ~52s left   
      [flow] [##########..........]  6/12   44.4s  ~44s left   
      [flow] [###########.........]  7/12   51.9s  ~37s left   
      [flow] [#############.......]  8/12   59.4s  ~30s left   
      [flow] [###############.....]  9/12   66.8s  ~22s left   
      [flow] [################....] 10/12   74.3s  ~15s left   
      [flow] [##################..] 11/12   78.0s  ~7s left    
      [flow] [####################] 12/12   81.8s  ~0s left    
      [flow] 12 steps, 22 forwards, 81.8s
      active voxels @res32 = 951
[4/7] shape SLAT flow (LR 512 -> upsample -> HR 1024 cascade, max_tok=49152)
      [flow] [....................]  0/12    0.0s  starting    
      [flow] [#...................]  1/12    1.4s  ~15s left   
      [flow] [###.................]  2/12    2.8s  ~14s left   
      [flow] [#####...............]  3/12    4.1s  ~12s left   
      [flow] [######..............]  4/12    5.5s  ~11s left   
      [flow] [########............]  5/12    6.9s  ~10s left   
      [flow] [##########..........]  6/12    8.3s  ~8s left    
      [flow] [###########.........]  7/12    9.7s  ~7s left    
      [flow] [#############.......]  8/12   11.1s  ~6s left    
      [flow] [###############.....]  9/12   11.8s  ~4s left    
      [flow] [################....] 10/12   12.5s  ~3s left    
      [flow] [##################..] 11/12   13.2s  ~1s left    
      [flow] [####################] 12/12   13.9s  ~0s left    
      [flow] 12 steps, 20 forwards, 13.9s
      [stats] LR slat (res32, decodes OK via upsample) n=30432 mean=0.1970 std=6.5936 min=-29.529 max=26.193 nan/inf=0
      upsampled coords @res512=584484 -> quantized @res1024 (grid 64) = 4344 tokens
      [flow] [....................]  0/12    0.0s  starting    
      [flow] [#...................]  1/12   12.2s  ~134s left  
      [flow] [###.................]  2/12   24.5s  ~122s left  
      [flow] [#####...............]  3/12   36.8s  ~110s left  
      [flow] [######..............]  4/12   49.0s  ~98s left   
      [flow] [########............]  5/12   61.3s  ~86s left   
      [flow] [##########..........]  6/12   73.8s  ~74s left   
      [flow] [###########.........]  7/12   88.2s  ~63s left   
      [flow] [#############.......]  8/12  100.5s  ~50s left   
      [flow] [###############.....]  9/12  106.8s  ~36s left   
      [flow] [################....] 10/12  112.9s  ~23s left   
      [flow] [##################..] 11/12  119.3s  ~11s left   
      [flow] [####################] 12/12  125.5s  ~0s left    
      [flow] 12 steps, 20 forwards, 125.5s
      [stats] HR slat n=139008 mean=0.0299 std=5.9278 min=-25.459 max=24.024 nan/inf=0
[5/7] FlexiDualGrid shape decode -> mesh @res1024
      decoded voxels @res1024 = 2076249
      mesh V=2076249 F=4254472
      filled 3417 small holes -> V=2079666 F=4275892
[6/7] texture SLAT flow + PBR decode  (res-512 texture on res-1024 mesh)
      res-512 tex-guide decode: 584699 voxels
      [flow] [....................]  0/12    0.0s  starting    
      [flow] [#...................]  1/12    0.7s  ~8s left    
      [flow] [###.................]  2/12    1.4s  ~7s left    
      [flow] [#####...............]  3/12    2.1s  ~6s left    
      [flow] [######..............]  4/12    2.7s  ~5s left    
      [flow] [########............]  5/12    3.4s  ~5s left    
      [flow] [##########..........]  6/12    4.1s  ~4s left    
      [flow] [###########.........]  7/12    4.8s  ~3s left    
      [flow] [#############.......]  8/12    5.5s  ~3s left    
      [flow] [###############.....]  9/12    6.2s  ~2s left    
      [flow] [################....] 10/12    6.9s  ~1s left    
      [flow] [##################..] 11/12    7.6s  ~1s left    
      [flow] [####################] 12/12    8.2s  ~0s left    
      [flow] 12 steps, 12 forwards, 8.2s
      PBR voxels=584699 @res512
[7/7] write C:\Users\Lauri\Desktop\lowvram3d-scene-smoke-20260803\evidence\compare\titan\titan_1024.glb
  weld: V 2079666->2068044 (11622 near-duplicates merged, eps=0.00012)
  fill_holes: 3927 boundary loops filled (+17621 faces)
  remesh_dc: 3218458 active voxels -> V=2485571 F=4985220 (eps=0.001965, project_back=0.00)
    [clean] faces=4985220, flipped 0 for consistent winding
  remesh postproc: dropped 448 floater comps -> V=2410701 F=4836064
  decimate_qem_gpu(target=300000): V 2410701->140399, F 4836064->285598
  decimated postproc: dropped 13 more comps -> F=284670
  uv_bake: 1 components (0 tiny, 0 faces -> strip S=0), 0 duplicate faces dropped
  uv_bake: 4521 merge clusters
  uv_bake: 28 uncharted faces kept with point-collapsed UVs
  uv_bake: atlas 2048x2048 (xatlas 1293x1289), Vo=233718 Fo=284670
      textured GLB (atlas 2048, +C:\Users\Lauri\Desktop\lowvram3d-scene-smoke-20260803\evidence\compare\titan\titan_1024_base.png)
done in 364.3s -> C:\Users\Lauri\Desktop\lowvram3d-scene-smoke-20260803\evidence\compare\titan\titan_1024.glb (+ C:\Users\Lauri\Desktop\lowvram3d-scene-smoke-20260803\evidence\compare\titan\titan_1024.ply)
